✔ topology review accepts exact addition-only graph with import/re-export multiplicity (9.262125ms)
✔ S7-N03 source expected policy cannot be replaced by an unchecked target policy (0.694791ms)
✔ S7-N05 complete graph lists must reproduce every declared digest and count (2.293375ms)
✔ S7-N05 removed old nodes or edges are outside this explicit mode even if all target hashes are recomputed (0.537166ms)
✔ S7-N06 same-node edits and all added covered files must be present in the bound file delta (1.168792ms)
✔ S7-N04 changed file objects require regular modes, exact identities and safe paths (3.713084ms)
✔ S7-N07 raw duplicate edges cannot be discarded to force equality with topology (0.348833ms)
✔ S7-N08 dynamic and zero-baseline loader blind spots remain fail closed (0.75925ms)
✔ S7-N09 fs-read capability and source-bound next dynamic inventory must remain exact (0.678417ms)
✔ S7-N10 resolver or frozen framework boundary changes cannot be called graph-only additions (0.92925ms)
✔ S7-N11 native semantic scan must retain candidate isolation and the legacy resolution contract (1.67725ms)
✔ S7-N21 exact distinct source and target commits are required (0.296583ms)
✔ S7-N22 observations are bounded and unknown contract fields are rejected (0.796ms)
✔ role evidence is built from reviewed new values and all nine bind one fixed index/proof pin (7.484333ms)
✔ S7-N01 authoritative review JSON rejects duplicate keys, invalid UTF8, overflow and unknown keys (3.632375ms)
✔ S7-N13 index cannot switch candidate, source, checker, baseline or exact topology proof (6.542875ms)
✔ S7-N14 names and pass booleans cannot replace an existing committed review artifact (1.665958ms)
✔ S7-N15 every payload fact has an exact non-overlapping fresh or historical value pointer (3.983125ms)
✔ S7-N15 historical carry forward retains original date/source and cannot launder current execution claims (3.270042ms)
✔ S7-N16 exact nine roles and role/result identities cannot be replaced or duplicated (2.072666ms)
✔ S7-N17 and N18 full prepared bytes are bound, including evidenceId/time and review-index pin (3.43625ms)
✔ S7-N04 committed review records reject non-regular modes and forged Git object identity (1.20125ms)
✔ native import-equals references keep their raw kind instead of weakening the graph (0.795417ms)
✔ unknown runtime classifications are rejected even with consistently recomputed policy digests (0.288709ms)
✔ review preparation refuses a forged context proof even if index repeats its claimed digest (0.66825ms)
✔ binding phase recovers its index from all nine committed evidence bodies, never later HEAD (4.999209ms)
✔ review dates reject normalized nonexistent calendar dates and 24-hour overflow (4.945083ms)
✔ baseline re-affirmation exposes an append-only revision and two committed phases (135.388875ms)
✔ the unsafe monolithic write mode is rejected before changing historical artifacts (134.420375ms)
✔ runtime-policy refresh modes are mutually exclusive (132.181958ms)
✔ dry-run plans ten evidence files and two bindings without mutating history (288.679625ms)
✔ legacy registry re-affirmation updates only the top-level baseline identity (0.205542ms)
✔ reviewed legacy candidate refresh accepts only de-reached byte changes with stable semantic identity (0.312167ms)
✔ reviewed legacy candidate refresh rejects approved, hidden, or semantic candidate changes (0.279333ms)
✔ evidence re-affirmation preserves historical commits and records the exact current delta (0.140625ms)
✔ runtime-policy refresh accepts only an unchanged observed graph with source-bound fs callsites (0.186833ms)
✔ runtime-policy refresh rejects a changed target graph or fs-read callsite (0.152958ms)
✔ reviewed runtime-policy evolution accepts only literal-import graph growth with no capability or reachability expansion (0.322792ms)
✔ reviewed runtime-policy evolution rejects reachability, loader capability, blind-spot, and incoherent edge changes (0.240583ms)
✔ callsite rebinding binds exact Git blobs and allows only source bytes/positions to change (6.947416ms)
✔ callsite rebinding rejects changed targets and expressions even with recomputed digests (2.647417ms)
✔ callsite rebinding rejects every other policy field and incomplete policy schemas (8.745541ms)
✔ callsite rebinding rejects absent duplicate forged and unbound callsites or source blobs (5.361916ms)
✔ callsite rebinding CLI is explicit and mutually exclusive with historical refresh modes (400.4315ms)
✔ callsite rebinding rejects no-op and a decimal-width offset does not reorder paired calls (1.175792ms)
﹣ callsite rebinding rejects shallow history before loading inputs or materializing any tree (10.198125ms) # host has full history; shallow-host check is not applicable
✔ callsite rebinding does not mix candidate-byte revision or inherited Git routing overrides (410.990416ms)
✔ callsite projection requires the entire Git tree including non-callsite files and modes (0.437208ms)
✔ callsite projection budget admits the actual committed repository while remaining bounded (216.973792ms)
✔ topology mode is explicit, requires a committed review index, and never broadens historical modes (935.0405ms)
✔ native runtime byte binding rejects graph-preserving content, mode, and snapshot drift (8.14625ms)
ℹ tests 51
ℹ suites 0
ℹ pass 50
ℹ fail 0
ℹ cancelled 0
ℹ skipped 1
ℹ todo 0
ℹ duration_ms 2847.670417
