
> hk-math-lab-template@0.1.0 test:promotion-gate
> node --test --test-concurrency=1 coordination/integration/v2/promotion-gate-v2.test.mjs coordination/integration/finalization/promotion-shadow-finalization-v2.test.mjs scripts/promotion-workflow-json-guard.test.mjs scripts/promotion-shadow-workflow-v2.test.mjs scripts/promotion-required-check-semantic-rescope.test.mjs

✔ finalization module and public schemas exist outside the frozen checker bundle (5.616958ms)
✔ valid external proofs close attempt-007 into one shadow_passed non-live registry (11.416917ms)
✔ closure rejects stale Receipt identity even when its self digest is recomputed (3.449916ms)
✔ closure rejects a failed or wrong-head PR check proof (5.334542ms)
✔ closure requires exactly validate and promotion-shadow-gate as GitHub Actions required checks (4.62975ms)
✔ closure rejects non-main, non-push, or non-success post-merge evidence (8.956042ms)
✔ closure requires A25 final disposition for every owner review package (2.659042ms)
✔ closure proves the 492-question deadline was closed by de-reaching with zero graph blind spots (8.475875ms)
✔ independent owner artifacts cannot reuse one evidence path (5.211917ms)
✔ lifecycle registry rejects skipped transitions, broken event chains, and every live authorization (6.261ms)
✔ Promotion Gate test script and CI execute the finalization suite without adding a live command (0.594ms)
✔ repository finalization verifier accepts only one coherent paired repository state (6.309625ms)
✔ repository finalization verifier fails closed when only one terminal artifact exists (3.06425ms)
✔ repository finalization verifier loads and validates every committed artifact when closure is present (10.153291ms)
✔ new v2 candidate has a fresh immutable identity and aggregate digest (5.190125ms)
✔ content QA proves exact ratio math, standards boundaries, lesson alignment, and localization blocker (3.394708ms)
✔ content validation reports missing mappings and never supplies defaults (14.277666ms)
✔ accepted-answer policy is exact and never fuzzy (1.520583ms)
✔ shadow adapter explicitly maps safe-card to standards and preserves compatibility metadata (1.583625ms)
✔ evidence currentness digest excludes time but binds all semantic inputs (0.998541ms)
✔ A24 not_applicable requires a substantive machine-readable rationale (0.613083ms)
✔ repository-relative path contract rejects absolute, traversal, NUL, and Windows separators (0.090083ms)
✔ authoritative reads reject a symlink escape (2.089667ms)
✔ source and forbidden-path snapshot drift fails closed (0.187667ms)
✔ baseline proof permits test-only drift and blocks runtime drift (200.977458ms)
✔ CLI exposes only validate, shadow, and verify-receipt (0.297667ms)
✔ semantic Receipt digest ignores run metadata while raw digest remains unique (0.137416ms)
✔ semantic Receipt digest normalizes safe host temp paths while raw proof remains exact (0.239291ms)
✔ shadow output creation rejects target collisions and case collisions, then removes its owned temp root (3.568584ms)
✔ isolated output rehearsal restores the exact absent preimage (3.065ms)
✔ checker bundle has no receipt, mutable manifest, package script, or release ledger (0.143167ms)
✔ workflow-selected real Manifest has an executable immutable checker release (115.593375ms)
✔ checker capability proof permits only local read-only Git and owned temp output (1.807625ms)
✔ attempt-001 and its original candidate source bytes remain immutable (3.959125ms)
✔ pure Manifest validation rejects currentness drift before evidence I/O (2.174916ms)
✔ real manifest is exact and fail-closed when present (10.309375ms)
✔ registered check ids include isolation, rollback, live scan, and ratchet hard gates (0.287875ms)
✔ 1. exact GitHub pull-request event, base SHA, and head SHA bind the decision (110.0155ms)
✔ 2. missing, shallow, non-ancestor, truncated, and inconsistent GitHub diff evidence fail closed (1.030917ms)
✔ 3. NUL-safe changed paths preserve spaces, Unicode, quotes, and newlines while rejecting unsafe or duplicate values (0.248875ms)
✔ 4. static and artifact bindings form a deterministic canonical path union (0.223083ms)
✔ 5. promotion-controlled changes combined with target or graph drift are blocked for full validation (0.236208ms)
✔ 6. no promotion-controlled path change still blocks every semantic failure (0.171458ms)
✔ 7. an unchanged promotion scope and semantic pass get only the explicit non-live historical-pilot code (0.172167ms)
✔ 8. an unavailable or internally failed semantic scan blocks (0.241666ms)
✔ 9. semantic safety is bound to the pull-request head, never a historical execution alone (0.156417ms)
✔ 10. exact PR #220 fixture preserves the 34-runtime/4-test graph digest evidence (0.195292ms)
✔ 11. enforcement decisions use strict JSON, deterministic digests, event binding, and replay equivalence (0.46425ms)
✔ 12. final workflow enforcement accepts only canonical semantic non-live proof (0.377708ms)
✔ 13. graph drift is artifacted and routed to A23/A25 review (0.129458ms)
✔ 14. required workflow has neither paths filters nor a workflow_dispatch trigger or skipped required job (0.141667ms)
✔ 15. package, lockfile, workflow, checker, manifest, receipt, candidate, evidence, registry, and approval changes force full validation (0.207292ms)
✔ 16. push-main before/after uses the same NUL proof and a controlled path forces full validation even without graph drift (0.30325ms)
✔ 17. authoritative GitHub PR and push evidence is collected from exact checkout Git bytes (261.263125ms)
✔ 17a. collector rejects malformed real-shape pull-request base and head bindings before Git reads (112.060291ms)
✔ 18. collector fails closed for checkout mismatch, shallow/non-ancestor evidence, or unsafe NUL paths (104.867083ms)
✔ 19. collector assigns stable failures to shallow, missing-commit, non-ancestor, inconsistent, and invalid-UTF8 evidence (0.576375ms)
✔ 20. authoritative JSON must be a strict regular tracked file whose bytes equal HEAD (158.274959ms)
✔ 21. current-head semantic proof runs native safety after separating frozen graph equality (0.770959ms)
✔ 22. graph drift never masks current-head semantic failure (0.25925ms)
✔ 23. current-head semantic proof rejects dirty or wrong-head execution (0.164291ms)
✔ 24. tracked authority graph deterministically unions manifest, receipt, checker, evidence, registry, candidate, and approval paths (855.603958ms)
✔ 25. canonical fresh replay and verification evidence is exact, distinct, equal-semantic, and non-live (0.844209ms)
✔ 26. decision permits only full validation or the explicit unrelated non-live semantic-safe result (0.752459ms)
✔ 27. strict final decision verification recomputes every evidence binding and rejects escalation or replay drift (1.022708ms)
✔ 28. bounded CLI has a closed command surface, strict JSON, exclusive output, and no network or arbitrary process authority (0.782125ms)
✔ 29. CLI artifact inputs are bound to the canonical artifact root (5.5955ms)
✔ linear canonical origins are returned exactly once, including an absent Receipt (487.781292ms)
✔ real AA/MM/MA merge retains authority from either parent (reverse=false) (504.980916ms)
✔ real AA/MM/MA merge retains authority from either parent (reverse=true) (485.4825ms)
✔ unrelated type changes and special filenames do not enter authority history (393.788375ms)
✔ merge-authored authority edit is rejected (463.868083ms)
✔ merge-authored authority delete is rejected (475.8265ms)
✔ merge-authored authority chmod is rejected (474.173542ms)
✔ merge-authored authority type is rejected (457.923125ms)
✔ merge-authored authority new-receipt is rejected (427.352959ms)
✔ merge cannot create a binding from two parents without authority (453.375084ms)
✔ resolving a changed authority back to one canonical parent still rejects history (477.448625ms)
✔ ordinary authority edits and delete/readd stay visible to atomic add-only validation (450.1255ms)
✔ non-ancestor evidence, unavailable objects and unsafe paths fail closed (243.190208ms)
✔ strict parsers reject incomplete graph, unsafe UTF8, malformed raw records and path substitution (0.354375ms)
✔ a three-parent merge inherits sealed authority without recounting origins (587.042416ms)
✔ real invalid UTF8 Git paths outside authority still fail the full-history text audit (268.525542ms)
✔ real shallow history and a missing parent object cannot prove authority (283.596208ms)
✔ graph record limits and empty or duplicate authority tree tokens are explicit failures (4.877167ms)
✔ default graft cannot hide the real third parent authority change (580.171875ms)
✔ env graft cannot hide the real third parent authority change (576.997166ms)
✔ linked-common graft cannot hide the real third parent authority change (583.248625ms)
✔ default evidence-boundary graft cannot exclude real side-branch mutations (712.425167ms)
✔ default harmless graft is ignored without changing real parents or origins (276.221291ms)
✔ env evidence-boundary graft cannot exclude real side-branch mutations (691.793458ms)
✔ env harmless graft is ignored without changing real parents or origins (276.069208ms)
✔ Promotion Gate public scripts select v2.6 and expose no live-capable command (4.138542ms)
✔ Promotion Shadow v2 CI validates current HEAD and replays the exact canonical execution commit (6.141709ms)
✔ Promotion Shadow resolver bootstraps from the committed Manifest binding when the canonical Receipt is absent (319.666083ms)
✔ Promotion Shadow resolver rejects a Receipt sibling merged beside its declared execution binding (407.767958ms)
✔ Promotion Shadow resolver rejects every non-canonical Manifest, descriptor, and Receipt history (3911.873834ms)
✔ Promotion Shadow resolver bounds inputs and fails closed on Receipt drift, unsafe copies, workspace mismatch, and invalid raw paths (3386.371ms)
✔ Promotion Shadow selector contract is transition-aware and exact (5.283708ms)
✔ Promotion Shadow v2 final enforcement delegates complete evidence replay to the tracked verifier (1.040417ms)
✔ Promotion required-check semantic rescope is wired to exact checkout, artifacts, and final verification (0.98025ms)
✔ Promotion workflow JSON guard accepts the complete JSON value grammar (1.200958ms)
✔ Promotion workflow JSON guard rejects invalid UTF-8 before parsing (0.242208ms)
✔ Promotion workflow JSON guard rejects duplicate object keys at every depth without disclosure (0.671958ms)
✔ Promotion workflow JSON guard enforces JSON grammar and rejects non-finite numbers (0.194417ms)
✔ Promotion workflow JSON guard exposes and enforces frozen resource limits (21.392167ms)
ℹ tests 106
ℹ suites 0
ℹ pass 106
ℹ fail 0
ℹ cancelled 0
ℹ skipped 0
ℹ todo 0
ℹ duration_ms 21311.699541
